Microsoft Windows [Version 10.0.26100.2605]
(c) Microsoft Corporation. All rights reserved.

C:\Users\SIDDHESH\Downloads\ipl-pred-main\ipl-pred-main>nvm use 23.10.0
'nvm' is not recognized as an internal or external command,
operable program or batch file.

C:\Users\SIDDHESH\Downloads\ipl-pred-main\ipl-pred-main>
 *  History restored 

Microsoft Windows [Version 10.0.26100.2605]
(c) Microsoft Corporation. All rights reserved.

C:\Users\SIDDHESH\Downloads\ipl-pred-main\ipl-pred-main>nvm use 23.10.0
Now using node v23.10.0 (64-bit)

C:\Users\SIDDHESH\Downloads\ipl-pred-main\ipl-pred-main>npx prisma db push
'npx' is not recognized as an internal or external command,
operable program or batch file.

C:\Users\SIDDHESH\Downloads\ipl-pred-main\ipl-pred-main>prisma db push    
'prisma' is not recognized as an internal or external command,
operable program or batch file.

C:\Users\SIDDHESH\Downloads\ipl-pred-main\ipl-pred-main>npm install    
'npm' is not recognized as an internal or external command,
operable program or batch file.

C:\Users\SIDDHESH\Downloads\ipl-pred-main\ipl-pred-main>node -v
'node' is not recognized as an internal or external command,
operable program or batch file.

C:\Users\SIDDHESH\Downloads\ipl-pred-main\ipl-pred-main>nvm use 23.10.0
Now using node v23.10.0 (64-bit)

C:\Users\SIDDHESH\Downloads\ipl-pred-main\ipl-pred-main>npm install    
npm error code ERESOLVE
npm error ERESOLVE could not resolve
npm error
npm error While resolving: react-day-picker@8.10.1
npm error Found: date-fns@4.1.0
npm error node_modules/date-fns
npm error   date-fns@"4.1.0" from the root project
npm error
npm error Could not resolve dependency:
npm error peer date-fns@"^2.28.0 || ^3.0.0" from react-day-picker@8.10.1
npm error node_modules/react-day-picker
npm error   react-day-picker@"8.10.1" from the root project
npm error
npm error Conflicting peer dependency: date-fns@3.6.0
npm error node_modules/date-fns
npm error   peer date-fns@"^2.28.0 || ^3.0.0" from react-day-picker@8.10.1
npm error   node_modules/react-day-picker
npm error     react-day-picker@"8.10.1" from the root project
npm error
npm error Fix the upstream dependency conflict, or retry
npm error this command with --force or --legacy-peer-deps
npm error to accept an incorrect (and potentially broken) dependency resolution.
npm error
npm error
npm error For a full report see:
npm error C:\Users\SIDDHESH\AppData\Local\npm-cache\_logs\2025-03-21T19_25_38_352Z-eresolve-report.txt
npm error A complete log of this run can be found in: C:\Users\SIDDHESH\AppData\Local\npm-cache\_logs\2025-03-21T19_25_38_352Z-debug-0.log

C:\Users\SIDDHESH\Downloads\ipl-pred-main\ipl-pred-main>npm install --legacy-peer-deps

added 318 packages, and audited 319 packages in 38s

49 packages are looking for funding
  run `npm fund` for details

1 moderate severity vulnerability

To address all issues, run:
  npm audit fix --force

Run `npm audit` for details.

C:\Users\SIDDHESH\Downloads\ipl-pred-main\ipl-pred-main>npx prisma db push
Environment variables loaded from .env
Prisma schema loaded from prisma\schema.prisma
Datasource "db": MySQL database

Error: P1013: The provided database string is invalid. invalid port number in database URL. Please refer to the documentation in https://www.prisma.io/docs/reference/database-reference/connection-urls for constructing a correct connection string. In some cases, certain characters must be escaped. Please check the string for any illegal characters.     

C:\Users\SIDDHESH\Downloads\ipl-pred-main\ipl-pred-main>npx prisma db push
Environment variables loaded from .env
Prisma schema loaded from prisma\schema.prisma
Datasource "db": MySQL database "ipl_prediction_portal" at "34.121.93.2:3306"

Error: P1001: Can't reach database server at `34.121.93.2:3306`

Please make sure your database server is running at `34.121.93.2:3306`.

C:\Users\SIDDHESH\Downloads\ipl-pred-main\ipl-pred-main>npx prisma db push
Environment variables loaded from .env
Prisma schema loaded from prisma\schema.prisma
Datasource "db": MySQL database "ipl_prediction_portal" at "34.121.93.2:3306"

Error: P1001: Can't reach database server at `34.121.93.2:3306`

Please make sure your database server is running at `34.121.93.2:3306`.

C:\Users\SIDDHESH\Downloads\ipl-pred-main\ipl-pred-main>ping 34.121.93.2

Pinging 34.121.93.2 with 32 bytes of data:
Reply from 34.121.93.2: bytes=32 time=256ms TTL=60
Reply from 34.121.93.2: bytes=32 time=254ms TTL=60
Reply from 34.121.93.2: bytes=32 time=254ms TTL=60
Reply from 34.121.93.2: bytes=32 time=256ms TTL=60

Ping statistics for 34.121.93.2:
    Packets: Sent = 4, Received = 4, Lost = 0 (0% loss),
Approximate round trip times in milli-seconds:
    Minimum = 254ms, Maximum = 256ms, Average = 255ms

C:\Users\SIDDHESH\Downloads\ipl-pred-main\ipl-pred-main>nmap    
'nmap' is not recognized as an internal or external command,
operable program or batch file.

C:\Users\SIDDHESH\Downloads\ipl-pred-main\ipl-pred-main>nmap 34.121.93.2
'nmap' is not recognized as an internal or external command,
operable program or batch file.

C:\Users\SIDDHESH\Downloads\ipl-pred-main\ipl-pred-main>npx prisma db push
Environment variables loaded from .env
Prisma schema loaded from prisma\schema.prisma
Datasource "db": MySQL database "ipl_prediction_portal" at "34.121.93.2:3306"

Error: P1001: Can't reach database server at `34.121.93.2:3306`

Please make sure your database server is running at `34.121.93.2:3306`.

C:\Users\SIDDHESH\Downloads\ipl-pred-main\ipl-pred-main>npx prisma db push
Environment variables loaded from .env
Prisma schema loaded from prisma\schema.prisma
Datasource "db": MySQL database "ipl_prediction_portal" at "34.121.93.2:3306"

MySQL database ipl_prediction_portal created at 34.121.93.2:3306

Your database is now in sync with your Prisma schema. Done in 13.00s

✔ Generated Prisma Client (v6.5.0) to .\node_modules\@prisma\client in 158ms


C:\Users\SIDDHESH\Downloads\ipl-pred-main\ipl-pred-main>npx prisma generate
Environment variables loaded from .env
Prisma schema loaded from prisma\schema.prisma

✔ Generated Prisma Client (v6.5.0) to .\node_modules\@prisma\client in 144ms

Start by importing your Prisma Client (See: https://pris.ly/d/importing-client)

Tip: Interested in query caching in just a few lines of code? Try Accelerate today! https://pris.ly/tip-3-accelerate  


C:\Users\SIDDHESH\Downloads\ipl-pred-main\ipl-pred-main>node prisma/seed.js
node:internal/modules/package_json_reader:267
  throw new ERR_MODULE_NOT_FOUND(packageName, fileURLToPath(base), null);
        ^

Error [ERR_MODULE_NOT_FOUND]: Cannot find package 'bcrypt' imported from C:\Users\SIDDHESH\Downloads\ipl-pred-main\ipl-pred-main\prisma\seed.js
    at Object.getPackageJSONURL (node:internal/modules/package_json_reader:267:9)
    at packageResolve (node:internal/modules/esm/resolve:768:81)
    at moduleResolve (node:internal/modules/esm/resolve:854:18)
    at defaultResolve (node:internal/modules/esm/resolve:984:11)
    at ModuleLoader.defaultResolve (node:internal/modules/esm/loader:780:12)
    at #cachedDefaultResolve (node:internal/modules/esm/loader:704:25)
    at ModuleLoader.resolve (node:internal/modules/esm/loader:687:38)
    at ModuleLoader.getModuleJobForImport (node:internal/modules/esm/loader:305:38)
    at ModuleJob._link (node:internal/modules/esm/module_job:137:49) {
  code: 'ERR_MODULE_NOT_FOUND'
}

Node.js v23.10.0

C:\Users\SIDDHESH\Downloads\ipl-pred-main\ipl-pred-main>npm install brcypt @types/bcrypt --legacy-peer-deps

added 2 packages, and audited 321 packages in 3s

49 packages are looking for funding
  run `npm fund` for details

1 moderate severity vulnerability

To address all issues, run:
  npm audit fix --force

Run `npm audit` for details.

C:\Users\SIDDHESH\Downloads\ipl-pred-main\ipl-pred-main>node prisma/seed.js
node:internal/modules/package_json_reader:267
  throw new ERR_MODULE_NOT_FOUND(packageName, fileURLToPath(base), null);
        ^

Error [ERR_MODULE_NOT_FOUND]: Cannot find package 'bcrypt' imported from C:\Users\SIDDHESH\Downloads\ipl-pred-main\ipl-pred-main\prisma\seed.js
    at Object.getPackageJSONURL (node:internal/modules/package_json_reader:267:9)
    at packageResolve (node:internal/modules/esm/resolve:768:81)
    at moduleResolve (node:internal/modules/esm/resolve:854:18)
    at defaultResolve (node:internal/modules/esm/resolve:984:11)
    at ModuleLoader.defaultResolve (node:internal/modules/esm/loader:780:12)
    at #cachedDefaultResolve (node:internal/modules/esm/loader:704:25)
    at ModuleLoader.resolve (node:internal/modules/esm/loader:687:38)
    at ModuleLoader.getModuleJobForImport (node:internal/modules/esm/loader:305:38)
    at ModuleJob._link (node:internal/modules/esm/module_job:137:49) {
  code: 'ERR_MODULE_NOT_FOUND'
}

Node.js v23.10.0

C:\Users\SIDDHESH\Downloads\ipl-pred-main\ipl-pred-main>npm install brcypt @types/bcrypt --legacy-peer-deps

up to date, audited 321 packages in 2s

49 packages are looking for funding
  run `npm fund` for details

1 moderate severity vulnerability

To address all issues, run:
  npm audit fix --force

Run `npm audit` for details.

C:\Users\SIDDHESH\Downloads\ipl-pred-main\ipl-pred-main>node prisma/seed.js
node:internal/modules/package_json_reader:267
  throw new ERR_MODULE_NOT_FOUND(packageName, fileURLToPath(base), null);
        ^

Error [ERR_MODULE_NOT_FOUND]: Cannot find package 'bcrypt' imported from C:\Users\SIDDHESH\Downloads\ipl-pred-main\ipl-pred-main\prisma\seed.js
    at Object.getPackageJSONURL (node:internal/modules/package_json_reader:267:9)
    at packageResolve (node:internal/modules/esm/resolve:768:81)
    at moduleResolve (node:internal/modules/esm/resolve:854:18)
    at defaultResolve (node:internal/modules/esm/resolve:984:11)
    at ModuleLoader.defaultResolve (node:internal/modules/esm/loader:780:12)
    at #cachedDefaultResolve (node:internal/modules/esm/loader:704:25)
    at ModuleLoader.resolve (node:internal/modules/esm/loader:687:38)
    at ModuleLoader.getModuleJobForImport (node:internal/modules/esm/loader:305:38)
    at ModuleJob._link (node:internal/modules/esm/module_job:137:49) {
  code: 'ERR_MODULE_NOT_FOUND'
}

Node.js v23.10.0

C:\Users\SIDDHESH\Downloads\ipl-pred-main\ipl-pred-main>node prisma/seed.js
(node:21956) [MODULE_TYPELESS_PACKAGE_JSON] Warning: Module type of file:///C:/Users/SIDDHESH/Downloads/ipl-pred-main/ipl-pred-main/prisma/seed.js is not specified and it doesn't parse as CommonJS.
Reparsing as ES module because module syntax was detected. This incurs a performance overhead.
To eliminate this warning, add "type": "module" to C:\Users\SIDDHESH\Downloads\ipl-pred-main\ipl-pred-main\package.json.
(Use `node --trace-warnings ...` to show where the warning was created)
Seeding database...
Created admin user: admin@iplprediction.com
Created user 1: viratkohli@example.com
Created user 2: rohitsharma@example.com
Created user 3: msdhoni@example.com
Created user 4: klrahul@example.com
Created user 5: rishabhpant@example.com
Created user 6: hardikpandya@example.com
Created user 7: ravindrajadeja@example.com
Created user 8: jaspritbumrah@example.com
Created user 9: shikhardhawan@example.com
Created user 10: shreyasiyer@example.com
Created user 11: suryakumaryadav@example.com
Created user 12: yuzvendrachahal@example.com
Created user 13: bhuvneshwarkumar@example.com
Created user 14: ravichandranashwin@example.com
Created user 15: mohammedshami@example.com
Created user 16: ishankishan@example.com
Created user 17: deepakchahar@example.com
Created user 18: shardulthakur@example.com
Created user 19: axarpatel@example.com
Created user 20: washingtonsundar@example.com
Created user 21: prithvishaw@example.com
Created user 22: sanjusamson@example.com
Created user 23: mayankagarwal@example.com
Created user 24: krunalpandya@example.com
Created user 25: tnatarajan@example.com
Created 10 IPL teams
Created 20 upcoming matches
Created 2 live matches
Created 30 completed matches with comments
^C
C:\Users\SIDDHESH\Downloads\ipl-pred-main\ipl-pred-main>^A

C:\Users\SIDDHESH\Downloads\ipl-pred-main\ipl-pred-main>

C:\Users\SIDDHESH\Downloads\ipl-pred-main\ipl-pred-main>^A